// Jest Snapshot v1, https://goo.gl/fbAQLP

exports[`matches snapshot 1`] = `
<section
  className="bg-section about-mission component-font"
>
  <h2
    className="section-title"
  >
    Our Mission
  </h2>
  <p>
    Energia Powered attempts to deliver values and achieve its vision through different projects:
  </p>
  <ul>
    <li>
       Conference 
    </li>
    <li>
       Training Sessions 
    </li>
    <li>
       Events 
    </li>
    <li>
       Field Trips 
    </li>
  </ul>
</section>
`;
