// Jest Snapshot v1, https://goo.gl/fbAQLP

exports[`matches snapshot 1 1`] = `
<div
  className="container blogs-container row"
  data-testid="bloglist"
>
  <div
    className="col-12 d-flex flex-column align-items-center p-5"
  >
    <span
      className="fa fa-spinner fa-pulse fa-3x fa-fw text-primary"
      style={
        Object {
          "fontSize": "24px",
        }
      }
    />
    <p
      className="pt-3"
      style={
        Object {
          "fontSize": "24px",
        }
      }
    >
      Loading...
    </p>
  </div>
</div>
`;
